[grade] frontend: 'npm install --no-audit --no-fund && npm run build' -> 0
[grade] backend: 'npm install --no-audit --no-fund' -> 0
  PASS  REQ-1.1: Enter Website
  PASS  REQ-2.1: Note Listing
  PASS  REQ-2.2: Create Note
  PASS  REQ-2.3.1: Delete
  PASS  REQ-2.3.2: Notification and Undo
  FAIL  REQ-2.3.3: Trash list
  PASS  REQ-2.4: Update Note
  PASS  REQ-2.5.1: Archive
  PASS  REQ-2.5.2: Archive Undo
  FAIL  REQ-2.5.3: Show archived notes
  FAIL  REQ-2.5.4: Unarchive
  PASS  REQ-2.6.1: Change note color
  PASS  REQ-2.6.2: Choose note color when created
  FAIL  REQ-2.7.1: Assign label to a note
  FAIL  REQ-2.7.2: Remove label from a note
  PASS  REQ-2.7.3: Default label
  PASS  REQ-2.7.4: Assign default label when creating note
  FAIL  REQ-2.7.5: Edit labels
  PASS  REQ-2.7.6.1: View list filtered by label
  PASS  REQ-2.7.6.2: View all notes
  PASS  REQ-2.7.6.3: View Reminders
  PASS  REQ-2.8.1: Pin note
  PASS  REQ-2.8.2: Unpin note
  PASS  REQ-2.8.3: Pin note when creating it
  PASS  REQ-3.1: Initial suggested filters
  PASS  REQ-3.2: Search by keyword
  PASS  REQ-4.1: Setting options list
  PASS  REQ-4.2: Detailed settings
  PASS  REQ-5.1: Toggle between list and grid views
  PASS  REQ-5.2: Grid View by default
  PASS  REQ-6.1: Items and styling
  PASS  REQ-6.2: Collapsible Sidebar
[grade] arc-bench-web--keep: 26/32 passed in 68s  score=81
tAbsent (/Users/mac/Desktop/code/octos-org/octos-arc-C/arc/local-grader/run/arc-bench-web--keep/tests/helpers.ts:186:25)
        at /Users/mac/Desktop/code/octos-org/octos-arc-C/arc/local-grader/run/arc-bench-web--keep/tests/REQ-2.7.2.spec.ts:14:11

    Error Context: test-results/REQ-2.7.2-REQ-2-7-2-Remove-label-from-a-note/error-context.md


  5) run/arc-bench-web--keep/tests/REQ-2.5.4.spec.ts:7:5 › REQ-2.5.4: Unarchive ────────────────────

    Test timeout of 60000ms exceeded.

    Error: locator.hover: Test timeout of 60000ms exceeded.
    Call log:
      - waiting for getByRole('button', { name: /Travel\s+plans\s+2\.5\.4/i }).first()


       at helpers.ts:144

      142 | export async function hoverNamed(scope: Scope, value: Match): Promise<void> {
      143 |   const locator = await resolveNamed(scope, value);
    > 144 |   await locator.hover();
          |                 ^
      145 | }
      146 |
      147 | export async function expectVisible(scope: Scope, value: Match): Promise<void> {
        at hoverNamed (/Users/mac/Desktop/code/octos-org/octos-arc-C/arc/local-grader/run/arc-bench-web--keep/tests/helpers.ts:144:17)
        at Object.unarchiveNote (/Users/mac/Desktop/code/octos-org/octos-arc-C/arc/local-grader/run/arc-bench-web--keep/tests/helpers.ts:282:3)
        at /Users/mac/Desktop/code/octos-org/octos-arc-C/arc/local-grader/run/arc-bench-web--keep/tests/REQ-2.5.4.spec.ts:11:3

    Error Context: test-results/REQ-2.5.4-REQ-2-5-4-Unarchive/error-context.md


  6) run/arc-bench-web--keep/tests/REQ-2.7.5.spec.ts:7:5 › REQ-2.7.5: Edit labels ──────────────────

    Test timeout of 60000ms exceeded.

    Error: keyboard.press: Target page, context or browser has been closed

       at helpers.ts:248

      246 |     // continue
      247 |   }
    > 248 |   await page.keyboard.press('Escape');
          |                       ^
      249 | }
      250 |
      251 | export async function createNote(page: Page, title: string, content: string): Promise<void> {
        at Object.closeEditor (/Users/mac/Desktop/code/octos-org/octos-arc-C/arc/local-grader/run/arc-bench-web--keep/tests/helpers.ts:248:23)
        at /Users/mac/Desktop/code/octos-org/octos-arc-C/arc/local-grader/run/arc-bench-web--keep/tests/REQ-2.7.5.spec.ts:12:3

    Error Context: test-results/REQ-2.7.5-REQ-2-7-5-Edit-labels/error-context.md


  6 failed
    run/arc-bench-web--keep/tests/REQ-2.3.3.spec.ts:7:5 › REQ-2.3.3: Trash list ────────────────────
    run/arc-bench-web--keep/tests/REQ-2.5.3.spec.ts:7:5 › REQ-2.5.3: Show archived notes ───────────
    run/arc-bench-web--keep/tests/REQ-2.5.4.spec.ts:7:5 › REQ-2.5.4: Unarchive ─────────────────────
    run/arc-bench-web--keep/tests/REQ-2.7.1.spec.ts:7:5 › REQ-2.7.1: Assign label to a note ────────
    run/arc-bench-web--keep/tests/REQ-2.7.2.spec.ts:7:5 › REQ-2.7.2: Remove label from a note ──────
    run/arc-bench-web--keep/tests/REQ-2.7.5.spec.ts:7:5 › REQ-2.7.5: Edit labels ───────────────────
  26 passed (1.1m)

