[grade] frontend: 'npm install --no-audit --no-fund && npm run build' -> 0
[grade] backend: 'npm install --no-audit --no-fund' -> 0
  PASS  REQ-1.1: Enter Website
  PASS  REQ-2.1: Note Listing
  PASS  REQ-2.2: Create Note
  PASS  REQ-2.3.1: Delete
  PASS  REQ-2.3.2: Notification and Undo
  PASS  REQ-2.3.3: Trash list
  PASS  REQ-2.4: Update Note
  PASS  REQ-2.5.1: Archive
  PASS  REQ-2.5.2: Archive Undo
  PASS  REQ-2.5.3: Show archived notes
  PASS  REQ-2.5.4: Unarchive
  PASS  REQ-2.6.1: Change note color
  PASS  REQ-2.6.2: Choose note color when created
  PASS  REQ-2.7.1: Assign label to a note
  PASS  REQ-2.7.2: Remove label from a note
  PASS  REQ-2.7.3: Default label
  PASS  REQ-2.7.4: Assign default label when creating note
  PASS  REQ-2.7.5: Edit labels
  PASS  REQ-2.7.6.1: View list filtered by label
  PASS  REQ-2.7.6.2: View all notes
  PASS  REQ-2.7.6.3: View Reminders
  PASS  REQ-2.8.1: Pin note
  PASS  REQ-2.8.2: Unpin note
  PASS  REQ-2.8.3: Pin note when creating it
  PASS  REQ-3.1: Initial suggested filters
  PASS  REQ-3.2: Search by keyword
  PASS  REQ-4.1: Setting options list
  PASS  REQ-4.2: Detailed settings
  PASS  REQ-5.1: Toggle between list and grid views
  PASS  REQ-5.2: Grid View by default
  PASS  REQ-6.1: Items and styling
  PASS  REQ-6.2: Collapsible Sidebar
[grade] arc-bench-web--keep: 32/32 passed in 4s  score=100
